  4011F0      AAA Code                ABERROR_TEXT
  401C9C     3020 Code                ABFILE_TEXT
  404CBC       46 Code                ABRESIZE_TEXT
  404D04      149 Code                ABTOOLBA_TEXT
  404E50      B8C Code                ABUTIL_TEXT
  4059DC     1380 Code                ABWINDOW_TEXT
  406D5C       3D Code                IEXE32_TEXT
  406D9C      193 Code                INIT_TEXT
  406F30     1764 Code                LOADE001_TEXT
  408694      1FE Code                LOADE002_TEXT
  408894      493 Code                LOADE003_TEXT
  408D28      1A9 Code                LOADEBC0_TEXT
  408ED4       13 Code                LOADEBC_TEXT
  408EE8       60 Code                LOADER_TEXT
  409000       3E Un-initialized Data ABEIP_BSS
  409040       24 Un-initialized Data ABFILE_BSS
  409064       2D Un-initialized Data LOADEBC0_BSS
  409094      8C8 Un-initialized Data LOADER_BSS
  40995C        0 Un-initialized Data _INST_BS
  40995C        C Un-initialized Data _INST_BSS
  409968        4 Un-initialized Data _INST_BSS_END
  40A000       2A Initialized Data    ABEIP_CONST
  40A02C       3C Initialized Data    ABEIP_DATA
  40A068       D4 Initialized Data    ABERROR_CONST
  40A13C     112E Initialized Data    ABERROR_DATA
  40B26C       34 Initialized Data    ABFILE_CONST
  40B2A0      215 Initialized Data    ABFILE_DATA
  40B4B8       4C Initialized Data    ABTOOLBA_DATA
  40B504       65 Initialized Data    ABUTIL_CONST
  40B56C       67 Initialized Data    ABUTIL_DATA
  40B5D4        8 Initialized Data    ABWINDOW_CONST
  40B5DC       58 Initialized Data    ABWINDOW_DATA
  40B634       30 Initialized Data    IEXE32_DATA
  40B664      47C Initialized Data    LOADE001_CONST
  40BAE0      1F0 Initialized Data    LOADE001_DATA
  40BCD0       24 Initialized Data    LOADE002_CONST
  40BCF4      1F0 Initialized Data    LOADE002_DATA
  40BEE4       C8 Initialized Data    LOADE003_CONST
  40BFAC      1F0 Initialized Data    LOADE003_DATA
  40C19C      600 Initialized Data    LOADEBC0_DATA
  40C79C       16 Initialized Data    LOADER_CONST
  40C7B4       EA Initialized Data    LOADER_DATA
  40C8A0        0 Initialized Data    _INST_DAT
  40C8A0        0 Initialized Data    _INST_DATA_END
  40C8A0        0 Initialized Data    __CPPINI_CONS
  40C8A0       30 Initialized Data    __CPPINI_CONST
  40C8D0        4 Initialized Data    __CPPINI_END
  40C8D4        0 Initialized Data    __INIVMT_CONS
  40C8D4       58 Initialized Data    __INIVMT_CONST
  40C92C        0 Initialized Data    __INIVMT_CONST_END

  4011F0 THROWMESSAGE@F10ERRORCLASSssb
  401244 THROW@F10ERRORCLASSs
  401250 TAKEUSER@F10ERRORCLASS
  4012B8 TAKEPROGRAM@F10ERRORCLASS
  4012C0 TAKEOTHER@F10ERRORCLASS
  4012C8 TAKENOTIFY@F10ERRORCLASS
  401320 TAKEFATAL@F10ERRORCLASS
  4013B8 TAKEERROR@F10ERRORCLASSs
  401410 TAKEBENIGN@F10ERRORCLASS
  401414 SUBSSTRING@F10ERRORCLASS
  401764 SETPROCEDURENAME@F10ERRORCLASSOsb
  4017EC SETID@F10ERRORCLASSUs
  401808 SETFILE@F10ERRORCLASSsb
  401850 SETERRORS@F10ERRORCLASS
  4018B8 MESSAGE@F10ERRORCLASSsll
  401914 KILL@F10ERRORCLASS
  401944 INIT@F10ERRORCLASS
  40198C GETPROCEDURENAME@F10ERRORCLASS
  401A3C ADDERRORS@F10ERRORCLASS10ERRORBLOCK
  401B64 SETID@F10ERRORCLASSUsl
  401BAC REPLACE@FsbsbRsc
  401C9C REMOVEFILEMAPPING@F12FILESMANAGER11FILEMANAGER
  401CBC REMOVEFILEMAPPING@F12FILESMANAGERl
  401D20 NOTEUSAGE@F12FILESMANAGER11FILEMANAGERUc
  401DC8 NOTEOPEN@F12FILESMANAGER11FILEMANAGER
  401E0C NOTECLOSE@F12FILESMANAGER11FILEMANAGER
  401E94 GETFILEMAPPING@F12FILESMANAGERl
  401EB0 GETFILEID@F12FILESMANAGERBf
  401EDC FINDRECORD@F12FILESMANAGER11FILEMANAGER
  401FC0 DESTRUCT@F12FILESMANAGER
  401FC4 CONSTRUCT@F12FILESMANAGER
  401FC8 ADDFILEMAPPING@F12FILESMANAGER11FILEMANAGER
  402050 UPDATESECONDARY@F15RELATIONMANAGERBk18BUFFEREDPAIRSCLASSUc
  40220C UPDATE@F15RELATIONMANAGERUc
  402420 SETQUICKSCAN@F15RELATIONMANAGERUcUc
  402518 SAVE@F15RELATIONMANAGER
  402568 OPEN@F15RELATIONMANAGERUc
  402574 OPENCLOSESERVER@F15RELATIONMANAGERUcUc
  402648 LOGOUTUPDATE@F15RELATIONMANAGER
  4026C8 LOGOUTPRIME@F15RELATIONMANAGER
  402734 LOGOUTDELETE@F15RELATIONMANAGER
  4027C8 KILL@F15RELATIONMANAGER
  402848 INIT@F15RELATIONMANAGER11FILEMANAGERUc
  402894 DELETESECONDARY@F15RELATIONMANAGERBk18BUFFEREDPAIRSCLASSUc
  402B58 DELETE@F15RELATIONMANAGERUc
  402D98 CLOSE@F15RELATIONMANAGERUc
  402DA4 CASCADEUPDATES@F15RELATIONMANAGER
  402E78 CANCELAUTOINC@F15RELATIONMANAGER
  402E8C VALIDATERECORD@F11FILEMANAGERPl
  402F2C VALIDATEFIELDS@F11FILEMANAGERllPl
  402FE0 VALIDATEFIELD@F11FILEMANAGERl
  403048 USEFILE@F11FILEMANAGERUc
  4030D4 UPDATESERVER@F11FILEMANAGERUc
  4031CC UPDATE@F11FILEMANAGER
  4031D8 TRYUPDATE@F11FILEMANAGER
  4031E4 TRYREGET@F11FILEMANAGERsb
  403284 TRYPRIMEAUTOINC@F11FILEMANAGER
  403290 TRYPREVIOUS@F11FILEMANAGER
  4032A0 TRYOPEN@F11FILEMANAGER
  4032B0 TRYNEXT@F11FILEMANAGER
  4032C0 TRYINSERT@F11FILEMANAGER
  4032CC TRYFETCH@F11FILEMANAGERBk
  403304 THROWMESSAGE@F11FILEMANAGERUssb
  403348 THROW@F11FILEMANAGER
  403364 THROW@F11FILEMANAGERUs
  403374 SETTHREAD@F11FILEMANAGER
  403430 SETKEY@F11FILEMANAGERBk
  40347C SETERROR@F11FILEMANAGERUs
  4034A8 SAVEFILE@F11FILEMANAGER
  4036B4 SAVEBUFFER@F11FILEMANAGER
  403800 RESTOREFILE@F11FILEMANAGERRUs11FILEMANAGERUc
  40394C RESTOREFILE@F11FILEMANAGERRUsUc
  403994 RESTOREBUFFER@F11FILEMANAGERRUs11FILEMANAGERUc
  403AC8 RESTOREBUFFER@F11FILEMANAGERRUsUc
  403AD8 PRIMERECORD@F11FILEMANAGERUc
  403BDC PRIMEFIELDS@F11FILEMANAGER
  403BE0 PRIMEAUTOINCSERVER@F11FILEMANAGERUc
  403FE8 PRIMEAUTOINC@F11FILEMANAGER
  403FF4 PREVIOUS@F11FILEMANAGER
  404004 POSITION@F11FILEMANAGER
  404074 OPENSERVER@F11FILEMANAGERUcUc
  40415C OPENFILE@F11FILEMANAGERUc
  404370 OPEN@F11FILEMANAGER
  404380 NEXTSERVER@F11FILEMANAGERUcUc
  404448 NEXT@F11FILEMANAGER
  404458 KILL@F11FILEMANAGER
  4045E4 INSERTSERVER@F11FILEMANAGERUc
  404768 INSERT@F11FILEMANAGER
  404774 INIT@F11FILEMANAGERBf10ERRORCLASS
  404820 GETNAME@F11FILEMANAGER
  404850 GETEOF@F11FILEMANAGER
  404864 FETCH@F11FILEMANAGERBk
  4048A8 EQUALBUFFER@F11FILEMANAGERRUs
  4049D8 CLOSE@F11FILEMANAGER
  404A3C CLEARKEY@F11FILEMANAGERBkUcUcUc
  404AF4 CANCELAUTOINC@F11FILEMANAGER15RELATIONMANAGER
  404B70 BINDFIELDS@F11FILEMANAGER
  404B90 LOCALACTION@FUc
  404BAC DUPSTRING@Fsb
  404C2C CONCATGETCOMPONENTS@F13KEYFIELDQUEUERscUc
  404CBC TAKERESIZE@F17WINDOWRESIZECLASS
  404CC4 KILL@F17WINDOWRESIZECLASS
  404D04 TAKEEVENT@F12TOOLBARCLASSPl13WINDOWMANAGER
  404D34 SETTARGET@F12TOOLBARCLASSl
  404DEC KILL@F12TOOLBARCLASS
  404E04 INIT@F12TOOLBARCLASS
  404E24 DISPLAYBUTTONS@F12TOOLBARCLASS
  404E50 UPDATE@F8INICLASSsbsbBqRuPuPu
  405008 UPDATE@F8INICLASSsbsbsb
  405094 UPDATE@F8INICLASS
  405098 KILL@F8INICLASS
  405174 INIT@F8INICLASSsb
  40527C FETCHQUEUE@F8INICLASSsbsbBqRuPuPu
  40545C FETCHFIELD@F8INICLASSsbsbUc
  405594 FETCH@F8INICLASSsbsb
  405640 FETCH@F8INICLASS
  405644 KILL@F18BUFFEREDPAIRSCLASS
  4056D0 EQUALRIGHTBUFFER@F18BUFFEREDPAIRSCLASS
  405730 EQUALLEFTBUFFER@F18BUFFEREDPAIRSCLASS
  40578C ASSIGNLEFTTOBUFFER@F18BUFFEREDPAIRSCLASS
  4057E0 ASSIGNBUFFERTORIGHT@F18BUFFEREDPAIRSCLASS
  405838 ASSIGNBUFFERTOLEFT@F18BUFFEREDPAIRSCLASS
  40588C EQUALLEFTRIGHT@F15FIELDPAIRSCLASS
  4058E8 CLEARRIGHT@F15FIELDPAIRSCLASS
  405934 ASSIGNRIGHTTOLEFT@F15FIELDPAIRSCLASS
  405988 ASSIGNLEFTTORIGHT@F15FIELDPAIRSCLASS
  4059DC UPDATE@F13WINDOWMANAGER
  405A2C TAKEWINDOWEVENT@F13WINDOWMANAGER
  405B14 TAKESELECTED@F13WINDOWMANAGER
  405B18 TAKEREJECTED@F13WINDOWMANAGER
  405B5C TAKENEWSELECTION@F13WINDOWMANAGER
  405BCC TAKEFIELDEVENT@F13WINDOWMANAGER
  405BD0 TAKEEVENT@F13WINDOWMANAGER
  405DAC TAKECLOSEEVENT@F13WINDOWMANAGER
  4063F4 TAKECOMPLETED@F13WINDOWMANAGER
  406450 TAKEACCEPTED@F13WINDOWMANAGER
  406514 SETRESPONSE@F13WINDOWMANAGERUc
  406560 SETALERTS@F13WINDOWMANAGER
  406620 SAVEHISTORY@F13WINDOWMANAGER
  4066CC RUN@F13WINDOWMANAGERUsUc
  4066D0 RUN@F13WINDOWMANAGER
  40671C RESTOREFIELD@F13WINDOWMANAGERl
  4067F0 RESET@F13WINDOWMANAGERUc
  406908 PRIMEUPDATE@F13WINDOWMANAGER
  406A4C PRIMEFIELDS@F13WINDOWMANAGER
  406A50 POSTCOMPLETED@F13WINDOWMANAGER
  406A94 OPEN@F13WINDOWMANAGER
  406AC8 KILL@F13WINDOWMANAGER
  406C64 INIT@F13WINDOWMANAGER
  406CE4 ASK@F13WINDOWMANAGER
  406D48 ADDITEM@F13WINDOWMANAGER12TOOLBARCLASS
  4085D8 MAIN@F
  4087F4 LOADE002$ABOUT@F
  408C84 LOADE003$SETUP@F
  408D28 KILL@F18HIDE:RELATE:LOADER
  408D4C INIT@F18HIDE:RELATE:LOADER
  408D70 KILL@F18HIDE:ACCESS:LOADER
  408D80 INIT@F18HIDE:ACCESS:LOADER
  408DBC KILL@F15HIDE:RELATE:BIN
  408DE0 INIT@F15HIDE:RELATE:BIN
  408E04 KILL@F15HIDE:ACCESS:BIN
  408E14 INIT@F15HIDE:ACCESS:BIN
  408E80 LOADEBC0$LOADEBC0:FILESINIT@F
  408E98 LOADEBC0$LOADEBC0:DCTKILL@F
  408EBC LOADEBC0$LOADEBC0:DCTINIT@F
  408ED4 DCTKILL@F
  408EDC DCTINIT@F
  408EE8 _main
  409000 $MULTIWINDOW
  409004 $TXTWINDOW
  409008 $COLORMAP
  409040 $FILESMANAGER
  409048 $STATUSQ
  40905C $FILEMAPPING
  409064 $HIDE:RELATE:BIN
  40907C $HIDE:RELATE:LOADER
  409094 $FILENAME
  40910C $DIR
  409184 $COM
  40918C BIN$BIN:RECORD
  409190 KEYS$BIN
  409194 MEMOS$LOADER
  4097A0 $INIMGR
  4098AC $LIST
  409924 $RELATE:LOADER
  409928 $ACCESS:LOADER
  40992C $RELATE:BIN
  409930 $ACCESS:BIN
  409934 $N
  409938 $PORT
  40993C $VAL_WORD_SENT
  409940 $SIZE
  409944 $STATE
  409948 $INDEX
  40994C $EOF
  409950 $CHAR
  409954 $RETCODE
  409958 $HWIN
  40995C $GLOBALREQUEST
  409960 $GLOBALRESPONSE
  409964 $VCRREQUEST
  40A02C TYPE$COLORMAP
  40A058 TCB$COLORMAP
  40A13C TYPE$PNQ
  40A15C TYPE$DEFAULTERRORS
  40A338 $DEFAULTERRORS
  40B178 TYPE$ERRORCLASS
  40B210 VMT$ERRORCLASS
  40B2A0 TYPE$FILESMANAGER
  40B2B8 VMT$FILESMANAGER
  40B2C4 TYPE$STATUSQ
  40B310 TCB$STATUSQ
  40B320 TYPE$FILEMAPPING
  40B34C TCB$FILEMAPPING
  40B370 $EPOC
  40B374 TYPE$SAVEQUEUE
  40B3C0 TYPE$RELATIONQUEUE
  40B404 TYPE$FILEKEYQUEUE
  40B450 TYPE$FILETHREADQUEUE
  40B4B8 TYPE$TOOLBARTARGETQUEUE
  40B4D4 TYPE$TOOLBARCLASS
  40B4EC VMT$TOOLBARCLASS
  40B56C TYPE$INICLASS
  40B594 VMT$INICLASS
  40B5DC TYPE$FILEDROPLIST
  40B5F8 TYPE$BUTTONLIST
  40B61C TYPE$BROWSELIST
  40C19C $HIDE:ACCESS:BIN
  40C2D4 TYPE$HIDE:ACCESS:BIN
  40C3A8 VMT$HIDE:ACCESS:BIN
  40C41C TYPE$HIDE:RELATE:BIN
  40C468 VMT$HIDE:RELATE:BIN
  40C49C $HIDE:ACCESS:LOADER
  40C5D4 TYPE$HIDE:ACCESS:LOADER
  40C6A8 VMT$HIDE:ACCESS:LOADER
  40C71C TYPE$HIDE:RELATE:LOADER
  40C768 VMT$HIDE:RELATE:LOADER
  40C7B4 BIN$TYPE$BIN:RECORD
  40C7D0 $BIN
  40C80C LOADER$TYPE$LOA:RECORD
  40C828 $LOADER
  40C864 TYPE$LIST
  40C880 TCB$LIST
  40C890 $VAL_WORD
  40C894 $STARTADDRESS
  40C8D4 VMTP$HIDE:ACCESS:BIN
  40C8DC VMTP$HIDE:RELATE:BIN
  40C8E4 VMTP$HIDE:ACCESS:LOADER
  40C8EC VMTP$HIDE:RELATE:LOADER
  40C90C VMTP$ERRORCLASS
  40C914 VMTP$INICLASS
  40C91C VMTP$FILESMANAGER
  40C924 VMTP$TOOLBARCLASS
  40D000 __import_section_start
  40E090 __import_section_end

Imports
c5dosx:DOS 40D058
c5runx:Cla$ACCEPTED 40D298,401000
c5runx:Cla$ADDqueue 40D29C
c5runx:Cla$ADDqueuekey 40D2A0
c5runx:Cla$AssignLong2RefUfo 40D2A4
c5runx:Cla$AssignReal2RefUfo 40D2A8
c5runx:Cla$AssignRefUfo 40D2AC
c5runx:Cla$BEEP 40D2B0,401008
c5runx:Cla$BindG 40D2B4
c5runx:Cla$CLEAR 40D2B8
c5runx:Cla$clearstr 40D2BC
c5runx:Cla$ClearUfo 40D2C0
c5runx:Cla$code 40D2C4
c5runx:Cla$COMMIT 40D2C8,401010
c5runx:Cla$comparestr 40D2CC
c5runx:Cla$DecDistinct 40D2D0
c5runx:Cla$DecDivide 40D2D4
c5runx:Cla$DecMul 40D2D8
c5runx:Cla$DELETEqueue 40D2DC,401018
c5runx:Cla$DInt 40D2E0
c5runx:Cla$DISPLAY 40D2E4,401020
c5runx:Cla$DISPOSEqueue 40D2E8
c5runx:Cla$DPopLong 40D2EC
c5runx:Cla$DPushLong 40D2F0
c5runx:Cla$DStack2Stack 40D2F4
c5runx:Cla$EndEventLoop 40D2F8
c5runx:Cla$ERRCODE 40D2FC
c5runx:Cla$ERRORFILE 40D300,401028
c5runx:Cla$EVENT 40D304,401030
c5runx:Cla$FIELD 40D308,401038
c5runx:Cla$FILEDIALOG 40D30C,401040
c5runx:Cla$FILEERRORCODE 40D310,401048
c5runx:Cla$FILEERRORMSG 40D314,401050
c5runx:Cla$FILE_ADDf 40D318
c5runx:Cla$FILE_BUILDf 40D31C,401058
c5runx:Cla$FILE_CLEAR 40D320
c5runx:Cla$FILE_CLOSE 40D324,401060
c5runx:Cla$FILE_CREATE 40D328
c5runx:Cla$FILE_DELETE 40D32C,401068
c5runx:Cla$FILE_DUPLICATEk 40D330,401070
c5runx:Cla$FILE_GETfk 40D334
c5runx:Cla$FILE_GETfl 40D338
c5runx:Cla$FILE_GET_PROPERTY 40D33C
c5runx:Cla$FILE_HOLDf 40D340,401078
c5runx:Cla$FILE_NEXT 40D344,401080
c5runx:Cla$FILE_NOMEMO 40D348,401088
c5runx:Cla$FILE_OPEN 40D34C,401090
c5runx:Cla$FILE_POSITIONf 40D350,401098
c5runx:Cla$FILE_POSITIONk 40D354,4010A0
c5runx:Cla$FILE_PREV 40D358,4010A8
c5runx:Cla$FILE_PUTf 40D35C
c5runx:Cla$FILE_RECORDSf 40D360,4010B0
c5runx:Cla$FILE_REGETf 40D364,4010B8
c5runx:Cla$FILE_REGETk 40D368,4010C0
c5runx:Cla$FILE_RESETf 40D36C,4010C8
c5runx:Cla$FILE_RESETk 40D370,4010D0
c5runx:Cla$FILE_SEND 40D374,4010D8
c5runx:Cla$FILE_SETf 40D378,4010E0
c5runx:Cla$FILE_SETk 40D37C,4010E8
c5runx:Cla$FILE_SETkk 40D380,4010F0
c5runx:Cla$FILE_SET_PROPERTY 40D384
c5runx:Cla$FILE_WATCH 40D388,4010F8
c5runx:Cla$FOCUS 40D38C,401100
c5runx:Cla$FREEqueue 40D390
c5runx:Cla$FREEqueuea 40D394,401108
c5runx:Cla$freestr 40D398
c5runx:Cla$FreeUfo 40D39C
c5runx:Cla$freewindow 40D3A0
c5runx:Cla$GETINI 40D3A4,401110
c5runx:Cla$GetPropS 40D3A8
c5runx:Cla$GETqueuekey 40D3AC
c5runx:Cla$GETqueueptr 40D3B0
c5runx:Cla$Group2Ufo 40D3B4
c5runx:Cla$HALT 40D3B8,401118
c5runx:Cla$init 40D3BC
c5runx:Cla$KEYCODE 40D3C0,401120
c5runx:Cla$LOGOUT 40D3C4
c5runx:Cla$Mem2Ufo 40D3C8
c5runx:Cla$MessageBox 40D3CC,401128
c5runx:Cla$NewMemB 40D3D0
c5runx:Cla$NEWqueue 40D3D4
c5runx:Cla$OPENwindow 40D3D8,401130
c5runx:Cla$POINTERqueue 40D3DC,401138
c5runx:Cla$PopAString 40D3E0
c5runx:Cla$PopBind 40D3E4,401140
c5runx:Cla$PopCString 40D3E8
c5runx:Cla$PopReal 40D3EC
c5runx:Cla$PopString 40D3F0
c5runx:Cla$PopTemp 40D3F4
c5runx:Cla$POST 40D3F8,401148
c5runx:Cla$PushAString 40D3FC
c5runx:Cla$PushBind2 40D400,401150
c5runx:Cla$PushCString 40D404
c5runx:Cla$PushLong 40D408
c5runx:Cla$PushString 40D40C
c5runx:Cla$PushUfo 40D410
c5runx:Cla$PUTINI 40D414,401158
c5runx:Cla$PUTqueue 40D418
c5runx:Cla$pwopen 40D41C
c5runx:Cla$RECORDSqueue 40D420,401160
c5runx:Cla$RefAssignAny 40D424
c5runx:Cla$ROLLBACK 40D428,401168
c5runx:Cla$SELECT 40D42C,401170
c5runx:Cla$SETCURSOR 40D430,401178
c5runx:Cla$SETKEYCODE 40D434,401180
c5runx:Cla$SetPropS 40D438
c5runx:Cla$SetPropV 40D43C
c5runx:Cla$SORTqueuekey 40D440
c5runx:Cla$Stack2DStack 40D444
c5runx:Cla$Stack2Ufo 40D448
c5runx:Cla$StackCLIP 40D44C,401188
c5runx:Cla$StackCompare 40D450
c5runx:Cla$StackCompareN 40D454
c5runx:Cla$StackCompareR 40D458
c5runx:Cla$StackConcat 40D45C
c5runx:Cla$StackConcatR 40D460
c5runx:Cla$StackErrstr 40D464,401190
c5runx:Cla$StackHeap 40D468
c5runx:Cla$StackINSTRING 40D46C,401198
c5runx:Cla$StackLen 40D470,4011A0
c5runx:Cla$STACKpop 40D474
c5runx:Cla$StackRotate 40D478
c5runx:Cla$StackSUB 40D47C,4011A8
c5runx:Cla$StackUPPER 40D480,4011B0
c5runx:Cla$StartEventLoop 40D484
c5runx:Cla$StashBP 40D488
c5runx:Cla$storecstr 40D48C
c5runx:Cla$storestr 40D490
c5runx:Cla$THREAD 40D494,4011B8
c5runx:Cla$Ufo2Real 40D498
c5runx:Cla$Ufodistinct 40D49C
c5runx:Cla$UNREGISTEREVENT 40D4A0,4011C0
c5runx:Cla$WHAT 40D4A4,4011C8
c5runx:Wsl$CloseDown 40D4A8,4011D0
c5runx:_exit 40D4AC,4011D8
c5runx:_free 40D4B0
c5runx:_longjmp 40D4B4
c5runx:_malloc 40D4B8
c5runx:_memset 40D4BC
c5runx:_setjmp 40D4C0
c5runx:__checkversion 40D4C4,4011E0
c5runx:__sysinit 40D4C8,4011E8
clacom32.dll:_Func009@4 40D4E8
clacom32.dll:_Func025@8 40D4EC
clacom32.dll:_Func059@8 40D4F0
clacom32.dll:_Func073@28 40D4F4
clacom32.dll:_Func115@20 40D4F8



Entry Point:   406D5C